[   2.8s] Loading config from: config/experiments/train1.yml
[   3.0s] ============================================================
[   3.0s]  PINN Conservative Tracer Inference
[   3.0s] ============================================================
[   3.0s]   Device       : cuda
[   3.0s]   Obs file     : data/raw/AISIT_Database_1.0.0_uv.parquet
[   3.0s]   Tracer col   : Delta_O18_[permillle]
[   3.0s]   Datetime col   : ISO8601_Datetime
[   3.0s]   Velocity cols: u='u', v='v'
[   3.0s]   Epochs       : 500
[   3.0s]   Output dir   : outputs/oxygen18/experiment1
[   3.0s]   Training Data Holdout   : 0.15
[   3.0s] Physics loss weights:
[   3.0s]     lambda_diap   = 0.05
[   3.0s]     lambda_smooth = 0.02
[   3.0s]     lambda_sec    = 0.01
[   3.0s]     lambda_strat  = 0.05
[   3.0s]     lambda_advect = 0.05
[   3.0s] 
[   3.0s] ── 1. Loading observations ─────────────────────────────────
  Date format used : %Y-%m-%d %H:%M:%S
  Parse sample — verify month/day order is correct:
                raw     parsed  year  month
2016-06-09 17:25:00 2016-06-09  2016      6
2016-06-09 17:33:00 2016-06-09  2016      6
2016-06-09 17:34:00 2016-06-09  2016      6
2016-06-09 17:38:00 2016-06-09  2016      6

  Loaded 45,737 rows, 34,498 after dropping NaNs

── Dataset summary ────────────────────────────────────────
  Observations : 34,498
  Year range   : 1967-12-01 00:00:00 - 2025-05-19 23:01:00
  Depth range  : 0.0 - 4451.0 m
  Tracer range : -27.910 - 2.310
  Lat range    : 60.0 - 90.0 deg
  Lon range    : -179.9 - 180.0 deg
  Temperature range : -2.9 - 17.6 degC
  Salinity range    : 0.0 - 35.9
  Speed range  : 0.0000 - 0.5034 m/s (mean 0.0272)

  Obs per decade:
    1960s      33  
    1970s     641  ███
    1980s   1,859  ██████████
    1990s   5,041  █████████████████████████████
    2000s  10,864  ███████████████████████████████████████████████████████████████
    2010s  13,383  █████████████████████████████████████████████████████████████████████████████
    2020s   2,677  ███████████████

[   3.3s] ── 2. Engineering features (TEOS-10 + velocity) ────────────
  Speed range : 0.0000 – 0.5034 m/s  (mean 0.0180)
[   3.4s]   Features : ['sigma0', 'spice', 'sigma2', 'log_depth', 'log_n2', 'year_norm', 'season_sin', 'season_cos', 'lat_norm', 'lon_sin', 'lon_cos', 'log_speed', 'flow_sin', 'flow_cos']
[   3.4s]   Valid obs: 34,498
[   3.4s] ── 2b. Carving out holdout test set (15%) ──
[   3.4s]   Train+CV pool : 29,532 obs (years <= 2017)
[   3.4s]   Held-out test : 4,966 obs (years >  2017)
[   3.4s]   This test set is not touched again until Step 5b.

[   3.4s] ── 3. Temporal CV (5 folds) ───────────────────────────
[   3.4s]   [Fold 1/5]  train n=151  val n=1,705
  [  0] data=0.8427  phys=89.80289  val RMSE=1.7293  R²=-1.001 LR=5.00e-04 
  [ 50] data=0.1642  phys=0.40419  val RMSE=1.3224  R²=-0.170 LR=4.87e-04 
  [100] data=0.0275  phys=0.00491  val RMSE=1.1682  R²=0.087 LR=4.51e-04 
  [150] data=0.0310  phys=0.32698  val RMSE=1.1591  R²=0.101 LR=3.96e-04 
  [200] data=0.0240  phys=0.01218  val RMSE=1.1597  R²=0.100 LR=3.26e-04 
  [250] data=0.0200  phys=0.27709  val RMSE=1.1848  R²=0.061 LR=2.49e-04 
  [300] data=0.0167  phys=0.00310  val RMSE=1.1736  R²=0.078 LR=1.72e-04 
  [350] data=0.0175  phys=0.00331  val RMSE=1.1920  R²=0.049 LR=1.03e-04 
  [400] data=0.0134  phys=0.01600  val RMSE=1.1892  R²=0.054 LR=4.77e-05 
  [450] data=0.0160  phys=0.00236  val RMSE=1.1821  R²=0.065 LR=1.27e-05 
[  29.7s]   [Fold 2/5]  train n=1,856  val n=1,529
  [  0] data=0.9257  phys=18.51514  val RMSE=1.5646  R²=-0.874 LR=5.00e-04 
  [ 50] data=0.0906  phys=0.02285  val RMSE=0.7762  R²=0.539 LR=4.87e-04 
  [100] data=0.0762  phys=0.01875  val RMSE=0.7899  R²=0.522 LR=4.51e-04 
  [150] data=0.0682  phys=0.01905  val RMSE=0.8239  R²=0.480 LR=3.96e-04 
  [200] data=0.0542  phys=0.01424  val RMSE=0.8818  R²=0.405 LR=3.26e-04 
  [250] data=0.0491  phys=0.01647  val RMSE=0.9697  R²=0.280 LR=2.49e-04 
  [300] data=0.0472  phys=0.01028  val RMSE=1.0658  R²=0.130 LR=1.72e-04 
  [350] data=0.0467  phys=0.01022  val RMSE=1.0133  R²=0.214 LR=1.03e-04 
  [400] data=0.0422  phys=0.00731  val RMSE=1.0382  R²=0.175 LR=4.77e-05 
  [450] data=0.0423  phys=0.01298  val RMSE=1.0337  R²=0.182 LR=1.27e-05 
[ 122.8s]   [Fold 3/5]  train n=3,385  val n=4,941
  [  0] data=0.6785  phys=27.52725  val RMSE=2.5999  R²=-0.239 LR=5.00e-04 
  [ 50] data=0.0818  phys=0.06491  val RMSE=1.6061  R²=0.527 LR=4.87e-04 
  [100] data=0.0600  phys=0.02652  val RMSE=1.3376  R²=0.672 LR=4.51e-04 
  [150] data=0.0542  phys=0.01717  val RMSE=1.2499  R²=0.714 LR=3.96e-04 
  [200] data=0.0469  phys=0.00748  val RMSE=0.8238  R²=0.876 LR=3.26e-04 
  [250] data=0.0433  phys=0.00811  val RMSE=0.8073  R²=0.881 LR=2.49e-04 
  [300] data=0.0394  phys=0.01057  val RMSE=0.7483  R²=0.897 LR=1.72e-04 
  [350] data=0.0369  phys=0.00572  val RMSE=0.7629  R²=0.893 LR=1.03e-04 
  [400] data=0.0364  phys=0.00544  val RMSE=0.7737  R²=0.890 LR=4.77e-05 
  [450] data=0.0352  phys=0.00581  val RMSE=0.8131  R²=0.879 LR=1.27e-05 
[ 286.2s]   [Fold 4/5]  train n=8,326  val n=9,320
  [  0] data=0.8774  phys=20.67912  val RMSE=1.6386  R²=-0.676 LR=5.00e-04 
  [ 50] data=0.0650  phys=0.02705  val RMSE=0.5091  R²=0.838 LR=4.87e-04 
  [100] data=0.0531  phys=0.01408  val RMSE=0.4789  R²=0.857 LR=4.51e-04 
  [150] data=0.0422  phys=0.01274  val RMSE=0.5000  R²=0.844 LR=3.96e-04 
  [200] data=0.0364  phys=0.00766  val RMSE=0.4968  R²=0.846 LR=3.26e-04 
  [250] data=0.0320  phys=0.00560  val RMSE=0.5074  R²=0.839 LR=2.49e-04 
  [300] data=0.0288  phys=0.00451  val RMSE=0.5051  R²=0.841 LR=1.72e-04 
  [350] data=0.0261  phys=0.00467  val RMSE=0.5069  R²=0.840 LR=1.03e-04 
  [400] data=0.0251  phys=0.00279  val RMSE=0.5126  R²=0.836 LR=4.77e-05 
  [450] data=0.0250  phys=0.00224  val RMSE=0.5182  R²=0.832 LR=1.27e-05 
[ 681.2s]   [Fold 5/5]  train n=17,646  val n=11,886
  [  0] data=0.7481  phys=13.46860  val RMSE=1.6467  R²=-0.645 LR=5.00e-04 
  [ 50] data=0.0549  phys=0.02325  val RMSE=0.6879  R²=0.713 LR=4.87e-04 
  [100] data=0.0462  phys=0.00960  val RMSE=0.6602  R²=0.736 LR=4.51e-04 
  [150] data=0.0341  phys=0.00514  val RMSE=0.6426  R²=0.749 LR=3.96e-04 
  [200] data=0.0285  phys=0.00300  val RMSE=0.6557  R²=0.739 LR=3.26e-04 
  [250] data=0.0237  phys=0.00183  val RMSE=0.6541  R²=0.740 LR=2.49e-04 
  [300] data=0.0199  phys=0.00099  val RMSE=0.6493  R²=0.744 LR=1.72e-04 
  [350] data=0.0176  phys=0.00104  val RMSE=0.6499  R²=0.744 LR=1.03e-04 
  [400] data=0.0161  phys=0.00073  val RMSE=0.6487  R²=0.745 LR=4.77e-05 
  [450] data=0.0155  phys=0.00066  val RMSE=0.6513  R²=0.743 LR=1.27e-05 
  Saved: outputs/oxygen18/experiment1/cv_results.csv

── Temporal CV results ────────────────────────────────────
  Fold 1  train 1967-1974  val 1976-1983  R2=0.061  RMSE=1.1847  N_val=1705
  Fold 2  train 1967-1983  val 1984-1991  R2=0.187  RMSE=1.0306  N_val=1529
  Fold 3  train 1967-1991  val 1992-2000  R2=0.879  RMSE=0.8113  N_val=4941
  Fold 4  train 1967-2000  val 2001-2008  R2=0.832  RMSE=0.5182  N_val=9320
  Fold 5  train 1967-2008  val 2009-2017  R2=0.742  RMSE=0.6521  N_val=11886

  Mean R2: 0.540 +/- 0.345

[1506.5s] ── 4. Training final model on all data ─────────────────────
