
============================================================
 PINN Tracer Inference — pre-trained model
============================================================
  Device       : cuda
  Checkpoint   : /gws/ssde/j25a/nemo/vol4/thopri/OceanTracerPINN/outputs/oxygen18/experiment1/pinn_oxygen18.pt
  Ocean model  : /work/scratch-pw5/thopri/cmems_mod_arc_phy_my_topaz4_P1M_multi-vars_180.00W-179.88E_50.00N-90.00N_0.00-4000.00m_1991-01-01-2026-04-01.nc
  Target time  : 1991-02
  MC samples   : 100
  Output dir   : /gws/ssde/j25a/nemo/vol4/thopri/OceanTracerPINN/outputs/inference

── Loading checkpoint ──────────────────────────────────────
  Checkpoint   : /gws/ssde/j25a/nemo/vol4/thopri/OceanTracerPINN/outputs/oxygen18/experiment1/pinn_oxygen18.pt
  Architecture : hidden_dim=256, n_blocks=4, n_features=14
  Features     : ['sigma0', 'spice', 'sigma2', 'log_depth', 'log_n2', 'year_norm', 'season_sin', 'season_cos', 'lat_norm', 'lon_sin', 'lon_cos', 'log_speed', 'flow_sin', 'flow_cos']

── Ocean model inference ────────────────────────────────────
  Directory : /work/scratch-pw5/thopri/cmems_mod_arc_phy_my_topaz4_P1M_multi-vars_180.00W-179.88E_50.00N-90.00N_0.00-4000.00m_1991-01-01-2026-04-01.nc
  Target    : 1991-02
  Nearest time slice selected: 1991-02-01
  [infer] temp='thetao', salt='so', u='vxo', v='vyo'
  [infer] Valid ocean points: 13,518,717 / 36,979,200 (36.6%)

========== INFERENCE FEATURE DIAGNOSTICS ==========
Feature names:
   0: sigma0               raw min=      3.8681 max=      28.143 mean=      26.831 std=       1.741
   1: spice                raw min=      -20.87 max=      1.9317 mean=    -0.99614 std=      1.6366
   2: sigma2               raw min=      13.727 max=      37.506 mean=      36.164 std=       1.674
   3: log_depth            raw min=           0 max=      8.2943 mean=      5.1823 std=      2.0679
   4: log_n2               raw min=          -8 max=     -7.0498 mean=     -7.6703 std=     0.43441
   5: year_norm            raw min=     0.39623 max=     0.39623 mean=     0.39623 std=  5.5511e-17
   6: season_sin           raw min=     0.86603 max=     0.86603 mean=     0.86603 std=  1.1102e-16
   7: season_cos           raw min=         0.5 max=         0.5 mean=         0.5 std=           0
   8: lat_norm             raw min=     0.76604 max=           1 mean=     0.92061 std=     0.07039
   9: lon_sin              raw min=          -1 max=           1 mean=  7.3784e-19 std=     0.70711
  10: lon_cos              raw min=          -1 max=           1 mean=  1.8864e-17 std=     0.70711
  11: log_speed            raw min=  9.5644e-07 max=     0.47234 mean=    0.029511 std=    0.032651
  12: flow_sin             raw min=          -1 max=           1 mean=   -0.039172 std=     0.45467
  13: flow_cos             raw min=          -1 max=           1 mean=    0.020759 std=     0.39609

Scaled features:
   0: sigma0               min=     -8.4792 max=     0.97443 mean=     0.46381 std=     0.67802
   1: spice                min=     -8.4769 max=      1.7638 mean=     0.44888 std=       0.735
   2: sigma2               min=     -8.3957 max=     0.99782 mean=     0.46738 std=     0.66128
   3: log_depth            min=     -2.6658 max=      2.0066 mean=   -0.067895 std=      1.1306
   4: log_n2               min=     -2.7134 max=       3.727 mean=   -0.020468 std=      1.0358
   5: year_norm            min=     -1.3155 max=     -1.3155 mean=     -1.3155 std=  2.2204e-16
   6: season_sin           min=      3.5663 max=      3.5663 mean=      3.5663 std=  8.8818e-16
   7: season_cos           min=       1.674 max=       1.674 mean=       1.674 std=  4.4409e-16
   8: lat_norm             min=     -6.0967 max=      1.3931 mean=     0.24847 std=      1.7412
   9: lon_sin              min=     -1.3036 max=       2.413 mean=     0.43946 std=      1.2077
  10: lon_cos              min=    -0.95011 max=      1.8136 mean=     0.56359 std=      1.0384
  11: log_speed            min=    -0.55065 max=      15.524 mean=     0.45366 std=      1.1112
  12: flow_sin             min=     -2.6696 max=      2.8411 mean=    -0.20953 std=      2.0586
  13: flow_cos             min=     -1.4552 max=      1.3161 mean=   0.0091386 std=     0.90559

Scaler:
  mean : [ 2.56404195e+01 -1.99561522e+00  3.49803883e+01  4.73226155e+00
 -7.09785376e+00  6.57564292e-01 -6.99490436e-01 -2.99694543e-01
  9.56743695e-01 -2.98489116e-01 -3.12431518e-01  1.61812048e-02
 -3.11072317e-02  5.01891282e-02]
  scale: [2.56774538 2.22660291 2.53150134 1.77520492 0.01288538 0.19866668
 0.4389689  0.47770558 0.03104935 0.53812981 0.72367611 0.02938378
 0.36293074 0.72166122]
====================================================

  Saved NetCDF: /gws/ssde/j25a/nemo/vol4/thopri/OceanTracerPINN/outputs/inference/tracer_predicted_1991_02.nc
  Saved: /gws/ssde/j25a/nemo/vol4/thopri/OceanTracerPINN/outputs/inference/model_10m_map_1991_02.png
  Saved: /gws/ssde/j25a/nemo/vol4/thopri/OceanTracerPINN/outputs/inference/model_zonal_mean_1991_02.png

============================================================
  All outputs written to: /gws/ssde/j25a/nemo/vol4/thopri/OceanTracerPINN/outputs/inference/
============================================================

